-- validate the sqls's state after restore
\c dsp_db
You are now connected to database "dsp_db" as user "sivand".
show gp_default_storage_options;
                            gp_default_storage_options                            
----------------------------------------------------------------------------------
 appendonly=false,blocksize=32768,compresstype=none,checksum=true,orientation=row
(1 row)

\d+ dsp_db_t1
                              Append-Only Columnar Table "public.dsp_db_t1"
 Column |  Type   | Modifiers | Storage | Compression Type | Compression Level | Block Size | Description 
--------+---------+-----------+---------+------------------+-------------------+------------+-------------
 i      | integer |           | plain   | rle_type         | 4                 | 65536      | 
 j      | integer |           | plain   | rle_type         | 4                 | 65536      | 
Checksum: t
Has OIDs: no
Options: appendonly=true, blocksize=65536, compresstype=rle_type, compresslevel=4, orientation=column
Distributed by: (i)

select relstorage, reloptions,compresstype,columnstore,compresslevel,columnstore,checksum from pg_class c , pg_appendonly a where c.relfilenode=a.relid and c.relname='dsp_db_t1';
 relstorage |                                         reloptions                                         | compresstype | columnstore | compresslevel | columnstore | checksum 
------------+--------------------------------------------------------------------------------------------+--------------+-------------+---------------+-------------+----------
 c          | {appendonly=true,blocksize=65536,compresstype=rle_type,compresslevel=4,orientation=column} | rle_type     | t           |             4 | t           | t
(1 row)

